[      10ms] [LOG] [Fast Refresh] rebuilding @ http://localhost:9002/_next/static/chunks/node_modules_next_dist_client_fdf37019._.js:14731
[      95ms] [LOG] [Fast Refresh] done in 85ms @ http://localhost:9002/_next/static/chunks/node_modules_next_dist_client_fdf37019._.js:14560
[     143ms] [INFO] %cDownload the React DevTools for a better development experience: https://react.dev/link/react-devtools font-weight:bold @ http://localhost:9002/_next/static/chunks/node_modules_next_dist_compiled_2ce9398a._.js:16329
[     206ms] [WARNING] Image with src "/logo.png" has either width or height modified, but not the other. If you use CSS to change the size of your image, also include the styles 'width: "auto"' or 'height: "auto"' to maintain the aspect ratio. @ http://localhost:9002/_next/static/chunks/node_modules_next_dist_3bfaed20._.js:803
[     227ms] [LOG] [Fast Refresh] rebuilding @ http://localhost:9002/_next/static/chunks/node_modules_next_dist_client_fdf37019._.js:14731
[     259ms] [LOG] [Fast Refresh] done in 32ms @ http://localhost:9002/_next/static/chunks/node_modules_next_dist_client_fdf37019._.js:14560
[ 2274685ms] [INFO] %cDownload the React DevTools for a better development experience: https://react.dev/link/react-devtools font-weight:bold @ http://localhost:9002/_next/static/chunks/node_modules_next_dist_compiled_2ce9398a._.js:16329
[ 2274757ms] [WARNING] Image with src "/logo.png" has either width or height modified, but not the other. If you use CSS to change the size of your image, also include the styles 'width: "auto"' or 'height: "auto"' to maintain the aspect ratio. @ http://localhost:9002/_next/static/chunks/node_modules_next_dist_3bfaed20._.js:803
[ 2278795ms] [LOG] [Fast Refresh] rebuilding @ http://localhost:9002/_next/static/chunks/node_modules_next_dist_client_fdf37019._.js:14731
[ 2278889ms] [LOG] [Fast Refresh] done in 94ms @ http://localhost:9002/_next/static/chunks/node_modules_next_dist_client_fdf37019._.js:14560
[ 2278950ms] [INFO] %cDownload the React DevTools for a better development experience: https://react.dev/link/react-devtools font-weight:bold @ http://localhost:9002/_next/static/chunks/node_modules_next_dist_compiled_2ce9398a._.js:16329
[ 2279004ms] [WARNING] Image with src "/logo.png" has either width or height modified, but not the other. If you use CSS to change the size of your image, also include the styles 'width: "auto"' or 'height: "auto"' to maintain the aspect ratio. @ http://localhost:9002/_next/static/chunks/node_modules_next_dist_3bfaed20._.js:803
[ 2279026ms] [LOG] [Fast Refresh] rebuilding @ http://localhost:9002/_next/static/chunks/node_modules_next_dist_client_fdf37019._.js:14731
[ 2279056ms] [LOG] [Fast Refresh] done in 30ms @ http://localhost:9002/_next/static/chunks/node_modules_next_dist_client_fdf37019._.js:14560
[ 2300545ms] [LOG] [Fast Refresh] rebuilding @ http://localhost:9002/_next/static/chunks/node_modules_next_dist_client_fdf37019._.js:14731
[ 2300590ms] [LOG] [Fast Refresh] done in 45ms @ http://localhost:9002/_next/static/chunks/node_modules_next_dist_client_fdf37019._.js:14560
[ 2300593ms] [LOG] [Fast Refresh] rebuilding @ http://localhost:9002/_next/static/chunks/node_modules_next_dist_client_fdf37019._.js:14731
[ 2300659ms] [WARNING] Image with src "/history.jpeg" has "fill" prop and "sizes" prop of "100vw", but image is not rendered at full viewport width. Please adjust "sizes" to improve page performance. Read more: https://nextjs.org/docs/api-reference/next/image#sizes @ http://localhost:9002/_next/static/chunks/node_modules_next_dist_3bfaed20._.js:803
[ 2300786ms] [LOG] [Fast Refresh] done in 193ms @ http://localhost:9002/_next/static/chunks/node_modules_next_dist_client_fdf37019._.js:14560
[ 2307647ms] [LOG] [Fast Refresh] rebuilding @ http://localhost:9002/_next/static/chunks/node_modules_next_dist_client_fdf37019._.js:14731
[ 2307692ms] [LOG] [Fast Refresh] done in 44ms @ http://localhost:9002/_next/static/chunks/node_modules_next_dist_client_fdf37019._.js:14560
[ 2307696ms] [LOG] [Fast Refresh] rebuilding @ http://localhost:9002/_next/static/chunks/node_modules_next_dist_client_fdf37019._.js:14731
[ 2307883ms] [LOG] [Fast Refresh] done in 187ms @ http://localhost:9002/_next/static/chunks/node_modules_next_dist_client_fdf37019._.js:14560
[ 2309571ms] [WARNING] Warning: Missing `Description` or `aria-describedby={undefined}` for {DialogContent}. @ http://localhost:9002/_next/static/chunks/node_modules_ac9bf601._.js:6602
[ 2309572ms] [WARNING] Warning: Missing `Description` or `aria-describedby={undefined}` for {DialogContent}. @ http://localhost:9002/_next/static/chunks/node_modules_ac9bf601._.js:6602
[ 2309851ms] [WARNING] Image with src "/vision.jpeg" has "fill" but is missing "sizes" prop. Please add it to improve page performance. Read more: https://nextjs.org/docs/api-reference/next/image#sizes @ http://localhost:9002/_next/static/chunks/node_modules_next_dist_3bfaed20._.js:803
[ 2316568ms] [LOG] [Fast Refresh] rebuilding @ http://localhost:9002/_next/static/chunks/node_modules_next_dist_client_fdf37019._.js:14731
[ 2316611ms] [LOG] [Fast Refresh] done in 43ms @ http://localhost:9002/_next/static/chunks/node_modules_next_dist_client_fdf37019._.js:14560
[ 2316616ms] [LOG] [Fast Refresh] rebuilding @ http://localhost:9002/_next/static/chunks/node_modules_next_dist_client_fdf37019._.js:14731
[ 2316670ms] [WARNING] Image with src "/members.jpg" has "fill" prop and "sizes" prop of "100vw", but image is not rendered at full viewport width. Please adjust "sizes" to improve page performance. Read more: https://nextjs.org/docs/api-reference/next/image#sizes @ http://localhost:9002/_next/static/chunks/node_modules_next_dist_3bfaed20._.js:803
[ 2316672ms] [WARNING] Image with src "/heritage.jpg" has "fill" prop and "sizes" prop of "100vw", but image is not rendered at full viewport width. Please adjust "sizes" to improve page performance. Read more: https://nextjs.org/docs/api-reference/next/image#sizes @ http://localhost:9002/_next/static/chunks/node_modules_next_dist_3bfaed20._.js:803
[ 2316673ms] [WARNING] Image with src "/volunteer.jpg" has "fill" prop and "sizes" prop of "100vw", but image is not rendered at full viewport width. Please adjust "sizes" to improve page performance. Read more: https://nextjs.org/docs/api-reference/next/image#sizes @ http://localhost:9002/_next/static/chunks/node_modules_next_dist_3bfaed20._.js:803
[ 2316815ms] [LOG] [Fast Refresh] done in 199ms @ http://localhost:9002/_next/static/chunks/node_modules_next_dist_client_fdf37019._.js:14560
[ 2317484ms] [WARNING] Image with src "/partner.jpg" has "fill" prop and "sizes" prop of "100vw", but image is not rendered at full viewport width. Please adjust "sizes" to improve page performance. Read more: https://nextjs.org/docs/api-reference/next/image#sizes @ http://localhost:9002/_next/static/chunks/node_modules_next_dist_3bfaed20._.js:803
