[       5ms] [LOG] [Fast Refresh] rebuilding @ http://localhost:9002/_next/static/chunks/node_modules_next_dist_client_43e3ffb8._.js:14755
[      50ms] [LOG] [Fast Refresh] done in 44ms @ http://localhost:9002/_next/static/chunks/node_modules_next_dist_client_43e3ffb8._.js:14584
[     231ms] [INFO] %cDownload the React DevTools for a better development experience: https://react.dev/link/react-devtools font-weight:bold @ http://localhost:9002/_next/static/chunks/node_modules_next_dist_compiled_2ce9398a._.js:16329
[     308ms] [WARNING] Image with src "/logo.png" has either width or height modified, but not the other. If you use CSS to change the size of your image, also include the styles 'width: "auto"' or 'height: "auto"' to maintain the aspect ratio. @ http://localhost:9002/_next/static/chunks/node_modules_next_dist_3bfaed20._.js:803
[     329ms] [LOG] [Fast Refresh] rebuilding @ http://localhost:9002/_next/static/chunks/node_modules_next_dist_client_43e3ffb8._.js:14755
[     358ms] [LOG] [Fast Refresh] done in 30ms @ http://localhost:9002/_next/static/chunks/node_modules_next_dist_client_43e3ffb8._.js:14584
[    6780ms] [LOG] [Fast Refresh] rebuilding @ http://localhost:9002/_next/static/chunks/node_modules_next_dist_client_43e3ffb8._.js:14755
[    6814ms] [LOG] [Fast Refresh] done in 33ms @ http://localhost:9002/_next/static/chunks/node_modules_next_dist_client_43e3ffb8._.js:14584
[   36243ms] [LOG] [Fast Refresh] rebuilding @ http://localhost:9002/_next/static/chunks/node_modules_next_dist_client_43e3ffb8._.js:14755
[   36276ms] [LOG] [Fast Refresh] done in 32ms @ http://localhost:9002/_next/static/chunks/node_modules_next_dist_client_43e3ffb8._.js:14584
[   65484ms] [LOG] [Fast Refresh] rebuilding @ http://localhost:9002/_next/static/chunks/node_modules_next_dist_client_43e3ffb8._.js:14755
[   65517ms] [LOG] [Fast Refresh] done in 33ms @ http://localhost:9002/_next/static/chunks/node_modules_next_dist_client_43e3ffb8._.js:14584
[  100476ms] [LOG] [Fast Refresh] rebuilding @ http://localhost:9002/_next/static/chunks/node_modules_next_dist_client_43e3ffb8._.js:14755
[  100508ms] [LOG] [Fast Refresh] done in 32ms @ http://localhost:9002/_next/static/chunks/node_modules_next_dist_client_43e3ffb8._.js:14584
[  154595ms] [LOG] [Fast Refresh] rebuilding @ http://localhost:9002/_next/static/chunks/node_modules_next_dist_client_43e3ffb8._.js:14755
[  154689ms] [LOG] [Fast Refresh] done in 68ms @ http://localhost:9002/_next/static/chunks/node_modules_next_dist_client_43e3ffb8._.js:14584
[  159948ms] [LOG] [Fast Refresh] rebuilding @ http://localhost:9002/_next/static/chunks/node_modules_next_dist_client_43e3ffb8._.js:14755
[  160034ms] [LOG] [Fast Refresh] done in 62ms @ http://localhost:9002/_next/static/chunks/node_modules_next_dist_client_43e3ffb8._.js:14584
[  181590ms] [LOG] [Fast Refresh] rebuilding @ http://localhost:9002/_next/static/chunks/node_modules_next_dist_client_43e3ffb8._.js:14755
[  181680ms] [LOG] [Fast Refresh] done in 65ms @ http://localhost:9002/_next/static/chunks/node_modules_next_dist_client_43e3ffb8._.js:14584
