[       4ms] [LOG] [Fast Refresh] rebuilding @ http://localhost:9002/_next/static/chunks/node_modules_next_dist_client_43e3ffb8._.js:14755
[     220ms] [LOG] [Fast Refresh] done in 217ms @ http://localhost:9002/_next/static/chunks/node_modules_next_dist_client_43e3ffb8._.js:14584
[     380ms] [INFO] %cDownload the React DevTools for a better development experience: https://react.dev/link/react-devtools font-weight:bold @ http://localhost:9002/_next/static/chunks/node_modules_next_dist_compiled_2ce9398a._.js:16329
[     454ms] [WARNING] Image with src "/logo.png" has either width or height modified, but not the other. If you use CSS to change the size of your image, also include the styles 'width: "auto"' or 'height: "auto"' to maintain the aspect ratio. @ http://localhost:9002/_next/static/chunks/node_modules_next_dist_3bfaed20._.js:803
[     481ms] [LOG] [Fast Refresh] rebuilding @ http://localhost:9002/_next/static/chunks/node_modules_next_dist_client_43e3ffb8._.js:14755
[     510ms] [LOG] [Fast Refresh] done in 29ms @ http://localhost:9002/_next/static/chunks/node_modules_next_dist_client_43e3ffb8._.js:14584
[   20425ms] [LOG] [Fast Refresh] rebuilding @ http://localhost:9002/_next/static/chunks/node_modules_next_dist_client_43e3ffb8._.js:14755
[   20458ms] [LOG] [Fast Refresh] done in 32ms @ http://localhost:9002/_next/static/chunks/node_modules_next_dist_client_43e3ffb8._.js:14584
[   50607ms] [LOG] [Fast Refresh] rebuilding @ http://localhost:9002/_next/static/chunks/node_modules_next_dist_client_43e3ffb8._.js:14755
[   50639ms] [LOG] [Fast Refresh] done in 33ms @ http://localhost:9002/_next/static/chunks/node_modules_next_dist_client_43e3ffb8._.js:14584
[   73099ms] [LOG] [Fast Refresh] rebuilding @ http://localhost:9002/_next/static/chunks/node_modules_next_dist_client_43e3ffb8._.js:14755
[   73132ms] [LOG] [Fast Refresh] done in 34ms @ http://localhost:9002/_next/static/chunks/node_modules_next_dist_client_43e3ffb8._.js:14584
[  110331ms] [LOG] [Fast Refresh] rebuilding @ http://localhost:9002/_next/static/chunks/node_modules_next_dist_client_43e3ffb8._.js:14755
[  110363ms] [LOG] [Fast Refresh] done in 32ms @ http://localhost:9002/_next/static/chunks/node_modules_next_dist_client_43e3ffb8._.js:14584
[  135041ms] [LOG] [Fast Refresh] rebuilding @ http://localhost:9002/_next/static/chunks/node_modules_next_dist_client_43e3ffb8._.js:14755
[  135074ms] [LOG] [Fast Refresh] done in 32ms @ http://localhost:9002/_next/static/chunks/node_modules_next_dist_client_43e3ffb8._.js:14584
[  162741ms] [LOG] [Fast Refresh] rebuilding @ http://localhost:9002/_next/static/chunks/node_modules_next_dist_client_43e3ffb8._.js:14755
[  163029ms] [LOG] [Fast Refresh] done in 288ms @ http://localhost:9002/_next/static/chunks/node_modules_next_dist_client_43e3ffb8._.js:14584
[  168860ms] [LOG] [Fast Refresh] rebuilding @ http://localhost:9002/_next/static/chunks/node_modules_next_dist_client_43e3ffb8._.js:14755
[  169044ms] [LOG] [Fast Refresh] done in 184ms @ http://localhost:9002/_next/static/chunks/node_modules_next_dist_client_43e3ffb8._.js:14584
[  182569ms] [LOG] [Fast Refresh] rebuilding @ http://localhost:9002/_next/static/chunks/node_modules_next_dist_client_43e3ffb8._.js:14755
[  182602ms] [LOG] [Fast Refresh] done in 33ms @ http://localhost:9002/_next/static/chunks/node_modules_next_dist_client_43e3ffb8._.js:14584
[  204195ms] [LOG] [Fast Refresh] rebuilding @ http://localhost:9002/_next/static/chunks/node_modules_next_dist_client_43e3ffb8._.js:14755
[  204228ms] [LOG] [Fast Refresh] done in 34ms @ http://localhost:9002/_next/static/chunks/node_modules_next_dist_client_43e3ffb8._.js:14584
[  225955ms] [LOG] [Fast Refresh] rebuilding @ http://localhost:9002/_next/static/chunks/node_modules_next_dist_client_43e3ffb8._.js:14755
[  225987ms] [LOG] [Fast Refresh] done in 33ms @ http://localhost:9002/_next/static/chunks/node_modules_next_dist_client_43e3ffb8._.js:14584
[  248515ms] [LOG] [Fast Refresh] rebuilding @ http://localhost:9002/_next/static/chunks/node_modules_next_dist_client_43e3ffb8._.js:14755
[  248547ms] [LOG] [Fast Refresh] done in 32ms @ http://localhost:9002/_next/static/chunks/node_modules_next_dist_client_43e3ffb8._.js:14584
