[       9ms] [LOG] [Fast Refresh] rebuilding @ http://localhost:9002/_next/static/chunks/node_modules_next_dist_client_fdf37019._.js:14731
[      84ms] [LOG] [Fast Refresh] done in 75ms @ http://localhost:9002/_next/static/chunks/node_modules_next_dist_client_fdf37019._.js:14560
[     145ms] [INFO] %cDownload the React DevTools for a better development experience: https://react.dev/link/react-devtools font-weight:bold @ http://localhost:9002/_next/static/chunks/node_modules_next_dist_compiled_2ce9398a._.js:16329
[     194ms] [WARNING] Image with src "/volunteer.jpg" was detected as the Largest Contentful Paint (LCP). Please add the "priority" property if this image is above the fold.
Read more: https://nextjs.org/docs/api-reference/next/image#priority @ http://localhost:9002/_next/static/chunks/node_modules_next_dist_3bfaed20._.js:803
[     205ms] [WARNING] Image with src "/logo.png" has either width or height modified, but not the other. If you use CSS to change the size of your image, also include the styles 'width: "auto"' or 'height: "auto"' to maintain the aspect ratio. @ http://localhost:9002/_next/static/chunks/node_modules_next_dist_3bfaed20._.js:803
[     205ms] [WARNING] Image with src "/volunteer.jpg" has "fill" prop and "sizes" prop of "100vw", but image is not rendered at full viewport width. Please adjust "sizes" to improve page performance. Read more: https://nextjs.org/docs/api-reference/next/image#sizes @ http://localhost:9002/_next/static/chunks/node_modules_next_dist_3bfaed20._.js:803
[     205ms] [WARNING] Image with src "/members.jpg" has "fill" prop and "sizes" prop of "100vw", but image is not rendered at full viewport width. Please adjust "sizes" to improve page performance. Read more: https://nextjs.org/docs/api-reference/next/image#sizes @ http://localhost:9002/_next/static/chunks/node_modules_next_dist_3bfaed20._.js:803
[     205ms] [WARNING] Image with src "/heritage.jpg" has "fill" prop and "sizes" prop of "100vw", but image is not rendered at full viewport width. Please adjust "sizes" to improve page performance. Read more: https://nextjs.org/docs/api-reference/next/image#sizes @ http://localhost:9002/_next/static/chunks/node_modules_next_dist_3bfaed20._.js:803
[     205ms] [WARNING] Image with src "/partner.jpg" has "fill" prop and "sizes" prop of "100vw", but image is not rendered at full viewport width. Please adjust "sizes" to improve page performance. Read more: https://nextjs.org/docs/api-reference/next/image#sizes @ http://localhost:9002/_next/static/chunks/node_modules_next_dist_3bfaed20._.js:803
[     227ms] [LOG] [Fast Refresh] rebuilding @ http://localhost:9002/_next/static/chunks/node_modules_next_dist_client_fdf37019._.js:14731
[     362ms] [LOG] [Fast Refresh] done in 135ms @ http://localhost:9002/_next/static/chunks/node_modules_next_dist_client_fdf37019._.js:14560
[   36683ms] [ERROR] `DialogContent` requires a `DialogTitle` for the component to be accessible for screen reader users.

If you want to hide the `DialogTitle`, you can wrap it with our VisuallyHidden component.

For more information, see https://radix-ui.com/primitives/docs/components/dialog @ http://localhost:9002/_next/static/chunks/node_modules_next_dist_client_fdf37019._.js:1193
[   36683ms] [WARNING] Warning: Missing `Description` or `aria-describedby={undefined}` for {DialogContent}. @ http://localhost:9002/_next/static/chunks/node_modules_ac9bf601._.js:6602
[   36684ms] [ERROR] `DialogContent` requires a `DialogTitle` for the component to be accessible for screen reader users.

If you want to hide the `DialogTitle`, you can wrap it with our VisuallyHidden component.

For more information, see https://radix-ui.com/primitives/docs/components/dialog @ http://localhost:9002/_next/static/chunks/node_modules_next_dist_client_fdf37019._.js:1193
[   36684ms] [WARNING] Warning: Missing `Description` or `aria-describedby={undefined}` for {DialogContent}. @ http://localhost:9002/_next/static/chunks/node_modules_ac9bf601._.js:6602
[   36711ms] [LOG] [Fast Refresh] rebuilding @ http://localhost:9002/_next/static/chunks/node_modules_next_dist_client_fdf37019._.js:14731
[   36982ms] [LOG] [Fast Refresh] done in 270ms @ http://localhost:9002/_next/static/chunks/node_modules_next_dist_client_fdf37019._.js:14560
[   69686ms] [LOG] [Fast Refresh] rebuilding @ http://localhost:9002/_next/static/chunks/node_modules_next_dist_client_fdf37019._.js:14731
[   69792ms] [LOG] [Fast Refresh] done in 106ms @ http://localhost:9002/_next/static/chunks/node_modules_next_dist_client_fdf37019._.js:14560
[   80243ms] [LOG] [Fast Refresh] rebuilding @ http://localhost:9002/_next/static/chunks/node_modules_next_dist_client_fdf37019._.js:14731
[   80380ms] [LOG] [Fast Refresh] done in 115ms @ http://localhost:9002/_next/static/chunks/node_modules_next_dist_client_fdf37019._.js:14560
